11:56:13 **** Clean-only build of configuration Debug for project FFT_measure ****
make -j14 clean 
rm -rf ./Drivers/STM32H7xx_HAL_Driver/Src/stm32h7xx_hal.cyclo ./Drivers/STM32H7xx_HAL_Driver/Src/stm32h7xx_hal.d ./Drivers/STM32H7xx_HAL_Driver/Src/stm32h7xx_hal.o ./Drivers/STM32H7xx_HAL_Driver/Src/stm32h7xx_hal.su ./Drivers/STM32H7xx_HAL_Driver/Src/stm32h7xx_hal_adc.cyclo ./Drivers/STM32H7xx_HAL_Driver/Src/stm32h7xx_hal_adc.d ./Drivers/STM32H7xx_HAL_Driver/Src/stm32h7xx_hal_adc.o ./Drivers/STM32H7xx_HAL_Driver/Src/stm32h7xx_hal_adc.su ./Drivers/STM32H7xx_HAL_Driver/Src/stm32h7xx_hal_adc_ex.cyclo ./Drivers/STM32H7xx_HAL_Driver/Src/stm32h7xx_hal_adc_ex.d ./Drivers/STM32H7xx_HAL_Driver/Src/stm32h7xx_hal_adc_ex.o ./Drivers/STM32H7xx_HAL_Driver/Src/stm32h7xx_hal_adc_ex.su ./Drivers/STM32H7xx_HAL_Driver/Src/stm32h7xx_hal_cortex.cyclo ./Drivers/STM32H7xx_HAL_Driver/Src/stm32h7xx_hal_cortex.d ./Drivers/STM32H7xx_HAL_Driver/Src/stm32h7xx_hal_cortex.o ./Drivers/STM32H7xx_HAL_Driver/Src/stm32h7xx_hal_cortex.su ./Drivers/STM32H7xx_HAL_Driver/Src/stm32h7xx_hal_dma.cyclo ./Drivers/STM32H7xx_HAL_Driver/Src/stm32h7xx_hal_dma.d ./Drivers/STM32H7xx_HAL_Driver/Src/stm32h7xx_hal_dma.o ./Drivers/STM32H7xx_HAL_Driver/Src/stm32h7xx_hal_dma.su ./Drivers/STM32H7xx_HAL_Driver/Src/stm32h7xx_hal_dma_ex.cyclo ./Drivers/STM32H7xx_HAL_Driver/Src/stm32h7xx_hal_dma_ex.d ./Drivers/STM32H7xx_HAL_Driver/Src/stm32h7xx_hal_dma_ex.o ./Drivers/STM32H7xx_HAL_Driver/Src/stm32h7xx_hal_dma_ex.su ./Drivers/STM32H7xx_HAL_Driver/Src/stm32h7xx_hal_dsi.cyclo ./Drivers/STM32H7xx_HAL_Driver/Src/stm32h7xx_hal_dsi.d ./Drivers/STM32H7xx_HAL_Driver/Src/stm32h7xx_hal_dsi.o ./Drivers/STM32H7xx_HAL_Driver/Src/stm32h7xx_hal_dsi.su ./Drivers/STM32H7xx_HAL_Driver/Src/stm32h7xx_hal_exti.cyclo ./Drivers/STM32H7xx_HAL_Driver/Src/stm32h7xx_hal_exti.d ./Drivers/STM32H7xx_HAL_Driver/Src/stm32h7xx_hal_exti.o ./Drivers/STM32H7xx_HAL_Driver/Src/stm32h7xx_hal_exti.su ./Drivers/STM32H7xx_HAL_Driver/Src/stm32h7xx_hal_flash.cyclo ./Drivers/STM32H7xx_HAL_Driver/Src/stm32h7xx_hal_flash.d ./Drivers/STM32H7xx_HAL_Driver/Src/stm32h7xx_hal_flash.o ./Drivers/STM32H7xx_HAL_Driver/Src/stm32h7xx_hal_flash.su ./Drivers/STM32H7xx_HAL_Driver/Src/stm32h7xx_hal_flash_ex.cyclo ./Drivers/STM32H7xx_HAL_Driver/Src/stm32h7xx_hal_flash_ex.d ./Drivers/STM32H7xx_HAL_Driver/Src/stm32h7xx_hal_flash_ex.o ./Drivers/STM32H7xx_HAL_Driver/Src/stm32h7xx_hal_flash_ex.su ./Drivers/STM32H7xx_HAL_Driver/Src/stm32h7xx_hal_gpio.cyclo ./Drivers/STM32H7xx_HAL_Driver/Src/stm32h7xx_hal_gpio.d ./Drivers/STM32H7xx_HAL_Driver/Src/stm32h7xx_hal_gpio.o ./Drivers/STM32H7xx_HAL_Driver/Src/stm32h7xx_hal_gpio.su ./Drivers/STM32H7xx_HAL_Driver/Src/stm32h7xx_hal_hsem.cyclo ./Drivers/STM32H7xx_HAL_Driver/Src/stm32h7xx_hal_hsem.d ./Drivers/STM32H7xx_HAL_Driver/Src/stm32h7xx_hal_hsem.o ./Drivers/STM32H7xx_HAL_Driver/Src/stm32h7xx_hal_hsem.su ./Drivers/STM32H7xx_HAL_Driver/Src/stm32h7xx_hal_i2c.cyclo ./Drivers/STM32H7xx_HAL_Driver/Src/stm32h7xx_hal_i2c.d ./Drivers/STM32H7xx_HAL_Driver/Src/stm32h7xx_hal_i2c.o ./Drivers/STM32H7xx_HAL_Driver/Src/stm32h7xx_hal_i2c.su ./Drivers/STM32H7xx_HAL_Driver/Src/stm32h7xx_hal_i2c_ex.cyclo ./Drivers/STM32H7xx_HAL_Driver/Src/stm32h7xx_hal_i2c_ex.d ./Drivers/STM32H7xx_HAL_Driver/Src/stm32h7xx_hal_i2c_ex.o ./Drivers/STM32H7xx_HAL_Driver/Src/stm32h7xx_hal_i2c_ex.su ./Drivers/STM32H7xx_HAL_Driver/Src/stm32h7xx_hal_i2s.cyclo ./Drivers/STM32H7xx_HAL_Driver/Src/stm32h7xx_hal_i2s.d ./Drivers/STM32H7xx_HAL_Driver/Src/stm32h7xx_hal_i2s.o ./Drivers/STM32H7xx_HAL_Driver/Src/stm32h7xx_hal_i2s.su ./Drivers/STM32H7xx_HAL_Driver/Src/stm32h7xx_hal_i2s_ex.cyclo ./Drivers/STM32H7xx_HAL_Driver/Src/stm32h7xx_hal_i2s_ex.d ./Drivers/STM32H7xx_HAL_Driver/Src/stm32h7xx_hal_i2s_ex.o ./Drivers/STM32H7xx_HAL_Driver/Src/stm32h7xx_hal_i2s_ex.su ./Drivers/STM32H7xx_HAL_Driver/Src/stm32h7xx_hal_ltdc.cyclo ./Drivers/STM32H7xx_HAL_Driver/Src/stm32h7xx_hal_ltdc.d ./Drivers/STM32H7xx_HAL_Driver/Src/stm32h7xx_hal_ltdc.o ./Drivers/STM32H7xx_HAL_Driver/Src/stm32h7xx_hal_ltdc.su ./Drivers/STM32H7xx_HAL_Driver/Src/stm32h7xx_hal_ltdc_ex.cyclo ./Drivers/STM32H7xx_HAL_Driver/Src/stm32h7xx_hal_ltdc_ex.d ./Drivers/STM32H7xx_HAL_Driver/Src/stm32h7xx_hal_ltdc_ex.o ./Drivers/STM32H7xx_HAL_Driver/Src/stm32h7xx_hal_ltdc_ex.su ./Drivers/STM32H7xx_HAL_Driver/Src/stm32h7xx_hal_mdma.cyclo ./Drivers/STM32H7xx_HAL_Driver/Src/stm32h7xx_hal_mdma.d ./Drivers/STM32H7xx_HAL_Driver/Src/stm32h7xx_hal_mdma.o ./Drivers/STM32H7xx_HAL_Driver/Src/stm32h7xx_hal_mdma.su ./Drivers/STM32H7xx_HAL_Driver/Src/stm32h7xx_hal_nand.cyclo ./Drivers/STM32H7xx_HAL_Driver/Src/stm32h7xx_hal_nand.d ./Drivers/STM32H7xx_HAL_Driver/Src/stm32h7xx_hal_nand.o ./Drivers/STM32H7xx_HAL_Driver/Src/stm32h7xx_hal_nand.su ./Drivers/STM32H7xx_HAL_Driver/Src/stm32h7xx_hal_nor.cyclo ./Drivers/STM32H7xx_HAL_Driver/Src/stm32h7xx_hal_nor.d ./Drivers/STM32H7xx_HAL_Driver/Src/stm32h7xx_hal_nor.o ./Drivers/STM32H7xx_HAL_Driver/Src/stm32h7xx_hal_nor.su ./Drivers/STM32H7xx_HAL_Driver/Src/stm32h7xx_hal_ospi.cyclo ./Drivers/STM32H7xx_HAL_Driver/Src/stm32h7xx_hal_ospi.d ./Drivers/STM32H7xx_HAL_Driver/Src/stm32h7xx_hal_ospi.o ./Drivers/STM32H7xx_HAL_Driver/Src/stm32h7xx_hal_ospi.su ./Drivers/STM32H7xx_HAL_Driver/Src/stm32h7xx_hal_pwr.cyclo ./Drivers/STM32H7xx_HAL_Driver/Src/stm32h7xx_hal_pwr.d ./Drivers/STM32H7xx_HAL_Driver/Src/stm32h7xx_hal_pwr.o ./Drivers/STM32H7xx_HAL_Driver/Src/stm32h7xx_hal_pwr.su ./Drivers/STM32H7xx_HAL_Driver/Src/stm32h7xx_hal_pwr_ex.cyclo ./Drivers/STM32H7xx_HAL_Driver/Src/stm32h7xx_hal_pwr_ex.d ./Drivers/STM32H7xx_HAL_Driver/Src/stm32h7xx_hal_pwr_ex.o ./Drivers/STM32H7xx_HAL_Driver/Src/stm32h7xx_hal_pwr_ex.su ./Drivers/STM32H7xx_HAL_Driver/Src/stm32h7xx_hal_rcc.cyclo ./Drivers/STM32H7xx_HAL_Driver/Src/stm32h7xx_hal_rcc.d ./Drivers/STM32H7xx_HAL_Driver/Src/stm32h7xx_hal_rcc.o ./Drivers/STM32H7xx_HAL_Driver/Src/stm32h7xx_hal_rcc.su ./Drivers/STM32H7xx_HAL_Driver/Src/stm32h7xx_hal_rcc_ex.cyclo ./Drivers/STM32H7xx_HAL_Driver/Src/stm32h7xx_hal_rcc_ex.d ./Drivers/STM32H7xx_HAL_Driver/Src/stm32h7xx_hal_rcc_ex.o ./Drivers/STM32H7xx_HAL_Driver/Src/stm32h7xx_hal_rcc_ex.su
rm -rf ./Core/Startup/startup_stm32h7b3lihxq.d ./Core/Startup/startup_stm32h7b3lihxq.o
rm -rf ./Core/Src/main.cyclo ./Core/Src/main.d ./Core/Src/main.o ./Core/Src/main.su ./Core/Src/stm32h7xx_hal_msp.cyclo ./Core/Src/stm32h7xx_hal_msp.d ./Core/Src/stm32h7xx_hal_msp.o ./Core/Src/stm32h7xx_hal_msp.su ./Core/Src/stm32h7xx_it.cyclo ./Core/Src/stm32h7xx_it.d ./Core/Src/stm32h7xx_it.o ./Core/Src/stm32h7xx_it.su ./Core/Src/syscalls.cyclo ./Core/Src/syscalls.d ./Core/Src/syscalls.o ./Core/Src/syscalls.su ./Core/Src/sysmem.cyclo ./Core/Src/sysmem.d ./Core/Src/sysmem.o ./Core/Src/sysmem.su ./Core/Src/system_stm32h7xx.cyclo ./Core/Src/system_stm32h7xx.d ./Core/Src/system_stm32h7xx.o ./Core/Src/system_stm32h7xx.su
rm -rf ./Core/DSP_Src/arm_bitreversal2.cyclo ./Core/DSP_Src/arm_bitreversal2.d ./Core/DSP_Src/arm_bitreversal2.o ./Core/DSP_Src/arm_bitreversal2.su ./Core/DSP_Src/arm_cfft_f32.cyclo ./Core/DSP_Src/arm_cfft_f32.d ./Core/DSP_Src/arm_cfft_f32.o ./Core/DSP_Src/arm_cfft_f32.su ./Core/DSP_Src/arm_cfft_init_f32.cyclo ./Core/DSP_Src/arm_cfft_init_f32.d ./Core/DSP_Src/arm_cfft_init_f32.o ./Core/DSP_Src/arm_cfft_init_f32.su ./Core/DSP_Src/arm_cfft_radix2_f32.cyclo ./Core/DSP_Src/arm_cfft_radix2_f32.d ./Core/DSP_Src/arm_cfft_radix2_f32.o ./Core/DSP_Src/arm_cfft_radix2_f32.su ./Core/DSP_Src/arm_cfft_radix4_f32.cyclo ./Core/DSP_Src/arm_cfft_radix4_f32.d ./Core/DSP_Src/arm_cfft_radix4_f32.o ./Core/DSP_Src/arm_cfft_radix4_f32.su ./Core/DSP_Src/arm_cfft_radix8_f32.cyclo ./Core/DSP_Src/arm_cfft_radix8_f32.d ./Core/DSP_Src/arm_cfft_radix8_f32.o ./Core/DSP_Src/arm_cfft_radix8_f32.su ./Core/DSP_Src/arm_cmplx_mag_f32.cyclo ./Core/DSP_Src/arm_cmplx_mag_f32.d ./Core/DSP_Src/arm_cmplx_mag_f32.o ./Core/DSP_Src/arm_cmplx_mag_f32.su ./Core/DSP_Src/arm_common_tables.cyclo ./Core/DSP_Src/arm_common_tables.d ./Core/DSP_Src/arm_common_tables.o ./Core/DSP_Src/arm_common_tables.su ./Core/DSP_Src/arm_const_structs.cyclo ./Core/DSP_Src/arm_const_structs.d ./Core/DSP_Src/arm_const_structs.o ./Core/DSP_Src/arm_const_structs.su ./Core/DSP_Src/arm_cos_f32.cyclo ./Core/DSP_Src/arm_cos_f32.d ./Core/DSP_Src/arm_cos_f32.o ./Core/DSP_Src/arm_cos_f32.su ./Core/DSP_Src/arm_max_f32.cyclo ./Core/DSP_Src/arm_max_f32.d ./Core/DSP_Src/arm_max_f32.o ./Core/DSP_Src/arm_max_f32.su ./Core/DSP_Src/arm_rfft_fast_f32.cyclo ./Core/DSP_Src/arm_rfft_fast_f32.d ./Core/DSP_Src/arm_rfft_fast_f32.o ./Core/DSP_Src/arm_rfft_fast_f32.su ./Core/DSP_Src/arm_rfft_fast_init_f32.cyclo ./Core/DSP_Src/arm_rfft_fast_init_f32.d ./Core/DSP_Src/arm_rfft_fast_init_f32.o ./Core/DSP_Src/arm_rfft_fast_init_f32.su ./Core/DSP_Src/arm_sin_f32.cyclo ./Core/DSP_Src/arm_sin_f32.d ./Core/DSP_Src/arm_sin_f32.o ./Core/DSP_Src/arm_sin_f32.su
rm -rf ./Drivers/STM32H7xx_HAL_Driver/Src/stm32h7xx_hal_rtc.cyclo ./Drivers/STM32H7xx_HAL_Driver/Src/stm32h7xx_hal_rtc.d ./Drivers/STM32H7xx_HAL_Driver/Src/stm32h7xx_hal_rtc.o ./Drivers/STM32H7xx_HAL_Driver/Src/stm32h7xx_hal_rtc.su ./Drivers/STM32H7xx_HAL_Driver/Src/stm32h7xx_hal_rtc_ex.cyclo ./Drivers/STM32H7xx_HAL_Driver/Src/stm32h7xx_hal_rtc_ex.d ./Drivers/STM32H7xx_HAL_Driver/Src/stm32h7xx_hal_rtc_ex.o ./Drivers/STM32H7xx_HAL_Driver/Src/stm32h7xx_hal_rtc_ex.su ./Drivers/STM32H7xx_HAL_Driver/Src/stm32h7xx_hal_sdram.cyclo ./Drivers/STM32H7xx_HAL_Driver/Src/stm32h7xx_hal_sdram.d ./Drivers/STM32H7xx_HAL_Driver/Src/stm32h7xx_hal_sdram.o ./Drivers/STM32H7xx_HAL_Driver/Src/stm32h7xx_hal_sdram.su ./Drivers/STM32H7xx_HAL_Driver/Src/stm32h7xx_hal_spi.cyclo ./Drivers/STM32H7xx_HAL_Driver/Src/stm32h7xx_hal_spi.d ./Drivers/STM32H7xx_HAL_Driver/Src/stm32h7xx_hal_spi.o ./Drivers/STM32H7xx_HAL_Driver/Src/stm32h7xx_hal_spi.su ./Drivers/STM32H7xx_HAL_Driver/Src/stm32h7xx_hal_spi_ex.cyclo ./Drivers/STM32H7xx_HAL_Driver/Src/stm32h7xx_hal_spi_ex.d ./Drivers/STM32H7xx_HAL_Driver/Src/stm32h7xx_hal_spi_ex.o ./Drivers/STM32H7xx_HAL_Driver/Src/stm32h7xx_hal_spi_ex.su ./Drivers/STM32H7xx_HAL_Driver/Src/stm32h7xx_hal_sram.cyclo ./Drivers/STM32H7xx_HAL_Driver/Src/stm32h7xx_hal_sram.d ./Drivers/STM32H7xx_HAL_Driver/Src/stm32h7xx_hal_sram.o ./Drivers/STM32H7xx_HAL_Driver/Src/stm32h7xx_hal_sram.su ./Drivers/STM32H7xx_HAL_Driver/Src/stm32h7xx_hal_tim.cyclo ./Drivers/STM32H7xx_HAL_Driver/Src/stm32h7xx_hal_tim.d ./Drivers/STM32H7xx_HAL_Driver/Src/stm32h7xx_hal_tim.o ./Drivers/STM32H7xx_HAL_Driver/Src/stm32h7xx_hal_tim.su ./Drivers/STM32H7xx_HAL_Driver/Src/stm32h7xx_hal_tim_ex.cyclo ./Drivers/STM32H7xx_HAL_Driver/Src/stm32h7xx_hal_tim_ex.d ./Drivers/STM32H7xx_HAL_Driver/Src/stm32h7xx_hal_tim_ex.o ./Drivers/STM32H7xx_HAL_Driver/Src/stm32h7xx_hal_tim_ex.su ./Drivers/STM32H7xx_HAL_Driver/Src/stm32h7xx_hal_uart.cyclo ./Drivers/STM32H7xx_HAL_Driver/Src/stm32h7xx_hal_uart.d ./Drivers/STM32H7xx_HAL_Driver/Src/stm32h7xx_hal_uart.o ./Drivers/STM32H7xx_HAL_Driver/Src/stm32h7xx_hal_uart.su ./Drivers/STM32H7xx_HAL_Driver/Src/stm32h7xx_hal_uart_ex.cyclo ./Drivers/STM32H7xx_HAL_Driver/Src/stm32h7xx_hal_uart_ex.d ./Drivers/STM32H7xx_HAL_Driver/Src/stm32h7xx_hal_uart_ex.o ./Drivers/STM32H7xx_HAL_Driver/Src/stm32h7xx_hal_uart_ex.su ./Drivers/STM32H7xx_HAL_Driver/Src/stm32h7xx_ll_fmc.cyclo ./Drivers/STM32H7xx_HAL_Driver/Src/stm32h7xx_ll_fmc.d ./Drivers/STM32H7xx_HAL_Driver/Src/stm32h7xx_ll_fmc.o ./Drivers/STM32H7xx_HAL_Driver/Src/stm32h7xx_ll_fmc.su
rm -rf FFT_measure.elf FFT_measure.list FFT_measure.map default.size.stdout
 
11:56:14 **** Build of configuration Debug for project FFT_measure ****
make -j14 all 
arm-none-eabi-gcc "../Drivers/STM32H7xx_HAL_Driver/Src/stm32h7xx_hal.c" -mcpu=cortex-m7 -std=gnu11 -g3 -DDEBUG -DUSE_PWR_DIRECT_SMPS_SUPPLY -DUSE_HAL_DRIVER -DSTM32H7B3xxQ -DARM_MATH_CM7 -c -I../Core/Inc -I../Drivers/STM32H7xx_HAL_Driver/Inc -I../Drivers/STM32H7xx_HAL_Driver/Inc/Legacy -I../Drivers/CMSIS/Device/ST/STM32H7xx/Include -I../Drivers/CMSIS/Include -I../Drivers/CMSIS/DSP/Include -I../Drivers/CMSIS/DSP/PrivateInclude -Ofast -ffunction-sections -fdata-sections -Wall -ffast-math -funroll-loops -fstack-usage -fcyclomatic-complexity -MMD -MP -MF"Drivers/STM32H7xx_HAL_Driver/Src/stm32h7xx_hal.d" -MT"Drivers/STM32H7xx_HAL_Driver/Src/stm32h7xx_hal.o" --specs=nano.specs -mfpu=fpv5-d16 -mfloat-abi=hard -mthumb -o "Drivers/STM32H7xx_HAL_Driver/Src/stm32h7xx_hal.o"
arm-none-eabi-gcc "../Drivers/STM32H7xx_HAL_Driver/Src/stm32h7xx_hal_adc.c" -mcpu=cortex-m7 -std=gnu11 -g3 -DDEBUG -DUSE_PWR_DIRECT_SMPS_SUPPLY -DUSE_HAL_DRIVER -DSTM32H7B3xxQ -DARM_MATH_CM7 -c -I../Core/Inc -I../Drivers/STM32H7xx_HAL_Driver/Inc -I../Drivers/STM32H7xx_HAL_Driver/Inc/Legacy -I../Drivers/CMSIS/Device/ST/STM32H7xx/Include -I../Drivers/CMSIS/Include -I../Drivers/CMSIS/DSP/Include -I../Drivers/CMSIS/DSP/PrivateInclude -Ofast -ffunction-sections -fdata-sections -Wall -ffast-math -funroll-loops -fstack-usage -fcyclomatic-complexity -MMD -MP -MF"Drivers/STM32H7xx_HAL_Driver/Src/stm32h7xx_hal_adc.d" -MT"Drivers/STM32H7xx_HAL_Driver/Src/stm32h7xx_hal_adc.o" --specs=nano.specs -mfpu=fpv5-d16 -mfloat-abi=hard -mthumb -o "Drivers/STM32H7xx_HAL_Driver/Src/stm32h7xx_hal_adc.o"
arm-none-eabi-gcc "../Drivers/STM32H7xx_HAL_Driver/Src/stm32h7xx_hal_adc_ex.c" -mcpu=cortex-m7 -std=gnu11 -g3 -DDEBUG -DUSE_PWR_DIRECT_SMPS_SUPPLY -DUSE_HAL_DRIVER -DSTM32H7B3xxQ -DARM_MATH_CM7 -c -I../Core/Inc -I../Drivers/STM32H7xx_HAL_Driver/Inc -I../Drivers/STM32H7xx_HAL_Driver/Inc/Legacy -I../Drivers/CMSIS/Device/ST/STM32H7xx/Include -I../Drivers/CMSIS/Include -I../Drivers/CMSIS/DSP/Include -I../Drivers/CMSIS/DSP/PrivateInclude -Ofast -ffunction-sections -fdata-sections -Wall -ffast-math -funroll-loops -fstack-usage -fcyclomatic-complexity -MMD -MP -MF"Drivers/STM32H7xx_HAL_Driver/Src/stm32h7xx_hal_adc_ex.d" -MT"Drivers/STM32H7xx_HAL_Driver/Src/stm32h7xx_hal_adc_ex.o" --specs=nano.specs -mfpu=fpv5-d16 -mfloat-abi=hard -mthumb -o "Drivers/STM32H7xx_HAL_Driver/Src/stm32h7xx_hal_adc_ex.o"
arm-none-eabi-gcc "../Drivers/STM32H7xx_HAL_Driver/Src/stm32h7xx_hal_cortex.c" -mcpu=cortex-m7 -std=gnu11 -g3 -DDEBUG -DUSE_PWR_DIRECT_SMPS_SUPPLY -DUSE_HAL_DRIVER -DSTM32H7B3xxQ -DARM_MATH_CM7 -c -I../Core/Inc -I../Drivers/STM32H7xx_HAL_Driver/Inc -I../Drivers/STM32H7xx_HAL_Driver/Inc/Legacy -I../Drivers/CMSIS/Device/ST/STM32H7xx/Include -I../Drivers/CMSIS/Include -I../Drivers/CMSIS/DSP/Include -I../Drivers/CMSIS/DSP/PrivateInclude -Ofast -ffunction-sections -fdata-sections -Wall -ffast-math -funroll-loops -fstack-usage -fcyclomatic-complexity -MMD -MP -MF"Drivers/STM32H7xx_HAL_Driver/Src/stm32h7xx_hal_cortex.d" -MT"Drivers/STM32H7xx_HAL_Driver/Src/stm32h7xx_hal_cortex.o" --specs=nano.specs -mfpu=fpv5-d16 -mfloat-abi=hard -mthumb -o "Drivers/STM32H7xx_HAL_Driver/Src/stm32h7xx_hal_cortex.o"
arm-none-eabi-gcc "../Drivers/STM32H7xx_HAL_Driver/Src/stm32h7xx_hal_dma.c" -mcpu=cortex-m7 -std=gnu11 -g3 -DDEBUG -DUSE_PWR_DIRECT_SMPS_SUPPLY -DUSE_HAL_DRIVER -DSTM32H7B3xxQ -DARM_MATH_CM7 -c -I../Core/Inc -I../Drivers/STM32H7xx_HAL_Driver/Inc -I../Drivers/STM32H7xx_HAL_Driver/Inc/Legacy -I../Drivers/CMSIS/Device/ST/STM32H7xx/Include -I../Drivers/CMSIS/Include -I../Drivers/CMSIS/DSP/Include -I../Drivers/CMSIS/DSP/PrivateInclude -Ofast -ffunction-sections -fdata-sections -Wall -ffast-math -funroll-loops -fstack-usage -fcyclomatic-complexity -MMD -MP -MF"Drivers/STM32H7xx_HAL_Driver/Src/stm32h7xx_hal_dma.d" -MT"Drivers/STM32H7xx_HAL_Driver/Src/stm32h7xx_hal_dma.o" --specs=nano.specs -mfpu=fpv5-d16 -mfloat-abi=hard -mthumb -o "Drivers/STM32H7xx_HAL_Driver/Src/stm32h7xx_hal_dma.o"
arm-none-eabi-gcc "../Drivers/STM32H7xx_HAL_Driver/Src/stm32h7xx_hal_dma_ex.c" -mcpu=cortex-m7 -std=gnu11 -g3 -DDEBUG -DUSE_PWR_DIRECT_SMPS_SUPPLY -DUSE_HAL_DRIVER -DSTM32H7B3xxQ -DARM_MATH_CM7 -c -I../Core/Inc -I../Drivers/STM32H7xx_HAL_Driver/Inc -I../Drivers/STM32H7xx_HAL_Driver/Inc/Legacy -I../Drivers/CMSIS/Device/ST/STM32H7xx/Include -I../Drivers/CMSIS/Include -I../Drivers/CMSIS/DSP/Include -I../Drivers/CMSIS/DSP/PrivateInclude -Ofast -ffunction-sections -fdata-sections -Wall -ffast-math -funroll-loops -fstack-usage -fcyclomatic-complexity -MMD -MP -MF"Drivers/STM32H7xx_HAL_Driver/Src/stm32h7xx_hal_dma_ex.d" -MT"Drivers/STM32H7xx_HAL_Driver/Src/stm32h7xx_hal_dma_ex.o" --specs=nano.specs -mfpu=fpv5-d16 -mfloat-abi=hard -mthumb -o "Drivers/STM32H7xx_HAL_Driver/Src/stm32h7xx_hal_dma_ex.o"
arm-none-eabi-gcc "../Drivers/STM32H7xx_HAL_Driver/Src/stm32h7xx_hal_dsi.c" -mcpu=cortex-m7 -std=gnu11 -g3 -DDEBUG -DUSE_PWR_DIRECT_SMPS_SUPPLY -DUSE_HAL_DRIVER -DSTM32H7B3xxQ -DARM_MATH_CM7 -c -I../Core/Inc -I../Drivers/STM32H7xx_HAL_Driver/Inc -I../Drivers/STM32H7xx_HAL_Driver/Inc/Legacy -I../Drivers/CMSIS/Device/ST/STM32H7xx/Include -I../Drivers/CMSIS/Include -I../Drivers/CMSIS/DSP/Include -I../Drivers/CMSIS/DSP/PrivateInclude -Ofast -ffunction-sections -fdata-sections -Wall -ffast-math -funroll-loops -fstack-usage -fcyclomatic-complexity -MMD -MP -MF"Drivers/STM32H7xx_HAL_Driver/Src/stm32h7xx_hal_dsi.d" -MT"Drivers/STM32H7xx_HAL_Driver/Src/stm32h7xx_hal_dsi.o" --specs=nano.specs -mfpu=fpv5-d16 -mfloat-abi=hard -mthumb -o "Drivers/STM32H7xx_HAL_Driver/Src/stm32h7xx_hal_dsi.o"
arm-none-eabi-gcc "../Drivers/STM32H7xx_HAL_Driver/Src/stm32h7xx_hal_exti.c" -mcpu=cortex-m7 -std=gnu11 -g3 -DDEBUG -DUSE_PWR_DIRECT_SMPS_SUPPLY -DUSE_HAL_DRIVER -DSTM32H7B3xxQ -DARM_MATH_CM7 -c -I../Core/Inc -I../Drivers/STM32H7xx_HAL_Driver/Inc -I../Drivers/STM32H7xx_HAL_Driver/Inc/Legacy -I../Drivers/CMSIS/Device/ST/STM32H7xx/Include -I../Drivers/CMSIS/Include -I../Drivers/CMSIS/DSP/Include -I../Drivers/CMSIS/DSP/PrivateInclude -Ofast -ffunction-sections -fdata-sections -Wall -ffast-math -funroll-loops -fstack-usage -fcyclomatic-complexity -MMD -MP -MF"Drivers/STM32H7xx_HAL_Driver/Src/stm32h7xx_hal_exti.d" -MT"Drivers/STM32H7xx_HAL_Driver/Src/stm32h7xx_hal_exti.o" --specs=nano.specs -mfpu=fpv5-d16 -mfloat-abi=hard -mthumb -o "Drivers/STM32H7xx_HAL_Driver/Src/stm32h7xx_hal_exti.o"
arm-none-eabi-gcc "../Drivers/STM32H7xx_HAL_Driver/Src/stm32h7xx_hal_flash.c" -mcpu=cortex-m7 -std=gnu11 -g3 -DDEBUG -DUSE_PWR_DIRECT_SMPS_SUPPLY -DUSE_HAL_DRIVER -DSTM32H7B3xxQ -DARM_MATH_CM7 -c -I../Core/Inc -I../Drivers/STM32H7xx_HAL_Driver/Inc -I../Drivers/STM32H7xx_HAL_Driver/Inc/Legacy -I../Drivers/CMSIS/Device/ST/STM32H7xx/Include -I../Drivers/CMSIS/Include -I../Drivers/CMSIS/DSP/Include -I../Drivers/CMSIS/DSP/PrivateInclude -Ofast -ffunction-sections -fdata-sections -Wall -ffast-math -funroll-loops -fstack-usage -fcyclomatic-complexity -MMD -MP -MF"Drivers/STM32H7xx_HAL_Driver/Src/stm32h7xx_hal_flash.d" -MT"Drivers/STM32H7xx_HAL_Driver/Src/stm32h7xx_hal_flash.o" --specs=nano.specs -mfpu=fpv5-d16 -mfloat-abi=hard -mthumb -o "Drivers/STM32H7xx_HAL_Driver/Src/stm32h7xx_hal_flash.o"
arm-none-eabi-gcc "../Drivers/STM32H7xx_HAL_Driver/Src/stm32h7xx_hal_flash_ex.c" -mcpu=cortex-m7 -std=gnu11 -g3 -DDEBUG -DUSE_PWR_DIRECT_SMPS_SUPPLY -DUSE_HAL_DRIVER -DSTM32H7B3xxQ -DARM_MATH_CM7 -c -I../Core/Inc -I../Drivers/STM32H7xx_HAL_Driver/Inc -I../Drivers/STM32H7xx_HAL_Driver/Inc/Legacy -I../Drivers/CMSIS/Device/ST/STM32H7xx/Include -I../Drivers/CMSIS/Include -I../Drivers/CMSIS/DSP/Include -I../Drivers/CMSIS/DSP/PrivateInclude -Ofast -ffunction-sections -fdata-sections -Wall -ffast-math -funroll-loops -fstack-usage -fcyclomatic-complexity -MMD -MP -MF"Drivers/STM32H7xx_HAL_Driver/Src/stm32h7xx_hal_flash_ex.d" -MT"Drivers/STM32H7xx_HAL_Driver/Src/stm32h7xx_hal_flash_ex.o" --specs=nano.specs -mfpu=fpv5-d16 -mfloat-abi=hard -mthumb -o "Drivers/STM32H7xx_HAL_Driver/Src/stm32h7xx_hal_flash_ex.o"
arm-none-eabi-gcc "../Drivers/STM32H7xx_HAL_Driver/Src/stm32h7xx_hal_gpio.c" -mcpu=cortex-m7 -std=gnu11 -g3 -DDEBUG -DUSE_PWR_DIRECT_SMPS_SUPPLY -DUSE_HAL_DRIVER -DSTM32H7B3xxQ -DARM_MATH_CM7 -c -I../Core/Inc -I../Drivers/STM32H7xx_HAL_Driver/Inc -I../Drivers/STM32H7xx_HAL_Driver/Inc/Legacy -I../Drivers/CMSIS/Device/ST/STM32H7xx/Include -I../Drivers/CMSIS/Include -I../Drivers/CMSIS/DSP/Include -I../Drivers/CMSIS/DSP/PrivateInclude -Ofast -ffunction-sections -fdata-sections -Wall -ffast-math -funroll-loops -fstack-usage -fcyclomatic-complexity -MMD -MP -MF"Drivers/STM32H7xx_HAL_Driver/Src/stm32h7xx_hal_gpio.d" -MT"Drivers/STM32H7xx_HAL_Driver/Src/stm32h7xx_hal_gpio.o" --specs=nano.specs -mfpu=fpv5-d16 -mfloat-abi=hard -mthumb -o "Drivers/STM32H7xx_HAL_Driver/Src/stm32h7xx_hal_gpio.o"
arm-none-eabi-gcc "../Drivers/STM32H7xx_HAL_Driver/Src/stm32h7xx_hal_hsem.c" -mcpu=cortex-m7 -std=gnu11 -g3 -DDEBUG -DUSE_PWR_DIRECT_SMPS_SUPPLY -DUSE_HAL_DRIVER -DSTM32H7B3xxQ -DARM_MATH_CM7 -c -I../Core/Inc -I../Drivers/STM32H7xx_HAL_Driver/Inc -I../Drivers/STM32H7xx_HAL_Driver/Inc/Legacy -I../Drivers/CMSIS/Device/ST/STM32H7xx/Include -I../Drivers/CMSIS/Include -I../Drivers/CMSIS/DSP/Include -I../Drivers/CMSIS/DSP/PrivateInclude -Ofast -ffunction-sections -fdata-sections -Wall -ffast-math -funroll-loops -fstack-usage -fcyclomatic-complexity -MMD -MP -MF"Drivers/STM32H7xx_HAL_Driver/Src/stm32h7xx_hal_hsem.d" -MT"Drivers/STM32H7xx_HAL_Driver/Src/stm32h7xx_hal_hsem.o" --specs=nano.specs -mfpu=fpv5-d16 -mfloat-abi=hard -mthumb -o "Drivers/STM32H7xx_HAL_Driver/Src/stm32h7xx_hal_hsem.o"
arm-none-eabi-gcc "../Drivers/STM32H7xx_HAL_Driver/Src/stm32h7xx_hal_i2c.c" -mcpu=cortex-m7 -std=gnu11 -g3 -DDEBUG -DUSE_PWR_DIRECT_SMPS_SUPPLY -DUSE_HAL_DRIVER -DSTM32H7B3xxQ -DARM_MATH_CM7 -c -I../Core/Inc -I../Drivers/STM32H7xx_HAL_Driver/Inc -I../Drivers/STM32H7xx_HAL_Driver/Inc/Legacy -I../Drivers/CMSIS/Device/ST/STM32H7xx/Include -I../Drivers/CMSIS/Include -I../Drivers/CMSIS/DSP/Include -I../Drivers/CMSIS/DSP/PrivateInclude -Ofast -ffunction-sections -fdata-sections -Wall -ffast-math -funroll-loops -fstack-usage -fcyclomatic-complexity -MMD -MP -MF"Drivers/STM32H7xx_HAL_Driver/Src/stm32h7xx_hal_i2c.d" -MT"Drivers/STM32H7xx_HAL_Driver/Src/stm32h7xx_hal_i2c.o" --specs=nano.specs -mfpu=fpv5-d16 -mfloat-abi=hard -mthumb -o "Drivers/STM32H7xx_HAL_Driver/Src/stm32h7xx_hal_i2c.o"
arm-none-eabi-gcc "../Drivers/STM32H7xx_HAL_Driver/Src/stm32h7xx_hal_i2c_ex.c" -mcpu=cortex-m7 -std=gnu11 -g3 -DDEBUG -DUSE_PWR_DIRECT_SMPS_SUPPLY -DUSE_HAL_DRIVER -DSTM32H7B3xxQ -DARM_MATH_CM7 -c -I../Core/Inc -I../Drivers/STM32H7xx_HAL_Driver/Inc -I../Drivers/STM32H7xx_HAL_Driver/Inc/Legacy -I../Drivers/CMSIS/Device/ST/STM32H7xx/Include -I../Drivers/CMSIS/Include -I../Drivers/CMSIS/DSP/Include -I../Drivers/CMSIS/DSP/PrivateInclude -Ofast -ffunction-sections -fdata-sections -Wall -ffast-math -funroll-loops -fstack-usage -fcyclomatic-complexity -MMD -MP -MF"Drivers/STM32H7xx_HAL_Driver/Src/stm32h7xx_hal_i2c_ex.d" -MT"Drivers/STM32H7xx_HAL_Driver/Src/stm32h7xx_hal_i2c_ex.o" --specs=nano.specs -mfpu=fpv5-d16 -mfloat-abi=hard -mthumb -o "Drivers/STM32H7xx_HAL_Driver/Src/stm32h7xx_hal_i2c_ex.o"
arm-none-eabi-gcc "../Drivers/STM32H7xx_HAL_Driver/Src/stm32h7xx_hal_i2s.c" -mcpu=cortex-m7 -std=gnu11 -g3 -DDEBUG -DUSE_PWR_DIRECT_SMPS_SUPPLY -DUSE_HAL_DRIVER -DSTM32H7B3xxQ -DARM_MATH_CM7 -c -I../Core/Inc -I../Drivers/STM32H7xx_HAL_Driver/Inc -I../Drivers/STM32H7xx_HAL_Driver/Inc/Legacy -I../Drivers/CMSIS/Device/ST/STM32H7xx/Include -I../Drivers/CMSIS/Include -I../Drivers/CMSIS/DSP/Include -I../Drivers/CMSIS/DSP/PrivateInclude -Ofast -ffunction-sections -fdata-sections -Wall -ffast-math -funroll-loops -fstack-usage -fcyclomatic-complexity -MMD -MP -MF"Drivers/STM32H7xx_HAL_Driver/Src/stm32h7xx_hal_i2s.d" -MT"Drivers/STM32H7xx_HAL_Driver/Src/stm32h7xx_hal_i2s.o" --specs=nano.specs -mfpu=fpv5-d16 -mfloat-abi=hard -mthumb -o "Drivers/STM32H7xx_HAL_Driver/Src/stm32h7xx_hal_i2s.o"
arm-none-eabi-gcc "../Drivers/STM32H7xx_HAL_Driver/Src/stm32h7xx_hal_i2s_ex.c" -mcpu=cortex-m7 -std=gnu11 -g3 -DDEBUG -DUSE_PWR_DIRECT_SMPS_SUPPLY -DUSE_HAL_DRIVER -DSTM32H7B3xxQ -DARM_MATH_CM7 -c -I../Core/Inc -I../Drivers/STM32H7xx_HAL_Driver/Inc -I../Drivers/STM32H7xx_HAL_Driver/Inc/Legacy -I../Drivers/CMSIS/Device/ST/STM32H7xx/Include -I../Drivers/CMSIS/Include -I../Drivers/CMSIS/DSP/Include -I../Drivers/CMSIS/DSP/PrivateInclude -Ofast -ffunction-sections -fdata-sections -Wall -ffast-math -funroll-loops -fstack-usage -fcyclomatic-complexity -MMD -MP -MF"Drivers/STM32H7xx_HAL_Driver/Src/stm32h7xx_hal_i2s_ex.d" -MT"Drivers/STM32H7xx_HAL_Driver/Src/stm32h7xx_hal_i2s_ex.o" --specs=nano.specs -mfpu=fpv5-d16 -mfloat-abi=hard -mthumb -o "Drivers/STM32H7xx_HAL_Driver/Src/stm32h7xx_hal_i2s_ex.o"
arm-none-eabi-gcc "../Drivers/STM32H7xx_HAL_Driver/Src/stm32h7xx_hal_ltdc.c" -mcpu=cortex-m7 -std=gnu11 -g3 -DDEBUG -DUSE_PWR_DIRECT_SMPS_SUPPLY -DUSE_HAL_DRIVER -DSTM32H7B3xxQ -DARM_MATH_CM7 -c -I../Core/Inc -I../Drivers/STM32H7xx_HAL_Driver/Inc -I../Drivers/STM32H7xx_HAL_Driver/Inc/Legacy -I../Drivers/CMSIS/Device/ST/STM32H7xx/Include -I../Drivers/CMSIS/Include -I../Drivers/CMSIS/DSP/Include -I../Drivers/CMSIS/DSP/PrivateInclude -Ofast -ffunction-sections -fdata-sections -Wall -ffast-math -funroll-loops -fstack-usage -fcyclomatic-complexity -MMD -MP -MF"Drivers/STM32H7xx_HAL_Driver/Src/stm32h7xx_hal_ltdc.d" -MT"Drivers/STM32H7xx_HAL_Driver/Src/stm32h7xx_hal_ltdc.o" --specs=nano.specs -mfpu=fpv5-d16 -mfloat-abi=hard -mthumb -o "Drivers/STM32H7xx_HAL_Driver/Src/stm32h7xx_hal_ltdc.o"
arm-none-eabi-gcc "../Drivers/STM32H7xx_HAL_Driver/Src/stm32h7xx_hal_ltdc_ex.c" -mcpu=cortex-m7 -std=gnu11 -g3 -DDEBUG -DUSE_PWR_DIRECT_SMPS_SUPPLY -DUSE_HAL_DRIVER -DSTM32H7B3xxQ -DARM_MATH_CM7 -c -I../Core/Inc -I../Drivers/STM32H7xx_HAL_Driver/Inc -I../Drivers/STM32H7xx_HAL_Driver/Inc/Legacy -I../Drivers/CMSIS/Device/ST/STM32H7xx/Include -I../Drivers/CMSIS/Include -I../Drivers/CMSIS/DSP/Include -I../Drivers/CMSIS/DSP/PrivateInclude -Ofast -ffunction-sections -fdata-sections -Wall -ffast-math -funroll-loops -fstack-usage -fcyclomatic-complexity -MMD -MP -MF"Drivers/STM32H7xx_HAL_Driver/Src/stm32h7xx_hal_ltdc_ex.d" -MT"Drivers/STM32H7xx_HAL_Driver/Src/stm32h7xx_hal_ltdc_ex.o" --specs=nano.specs -mfpu=fpv5-d16 -mfloat-abi=hard -mthumb -o "Drivers/STM32H7xx_HAL_Driver/Src/stm32h7xx_hal_ltdc_ex.o"
arm-none-eabi-gcc "../Drivers/STM32H7xx_HAL_Driver/Src/stm32h7xx_hal_mdma.c" -mcpu=cortex-m7 -std=gnu11 -g3 -DDEBUG -DUSE_PWR_DIRECT_SMPS_SUPPLY -DUSE_HAL_DRIVER -DSTM32H7B3xxQ -DARM_MATH_CM7 -c -I../Core/Inc -I../Drivers/STM32H7xx_HAL_Driver/Inc -I../Drivers/STM32H7xx_HAL_Driver/Inc/Legacy -I../Drivers/CMSIS/Device/ST/STM32H7xx/Include -I../Drivers/CMSIS/Include -I../Drivers/CMSIS/DSP/Include -I../Drivers/CMSIS/DSP/PrivateInclude -Ofast -ffunction-sections -fdata-sections -Wall -ffast-math -funroll-loops -fstack-usage -fcyclomatic-complexity -MMD -MP -MF"Drivers/STM32H7xx_HAL_Driver/Src/stm32h7xx_hal_mdma.d" -MT"Drivers/STM32H7xx_HAL_Driver/Src/stm32h7xx_hal_mdma.o" --specs=nano.specs -mfpu=fpv5-d16 -mfloat-abi=hard -mthumb -o "Drivers/STM32H7xx_HAL_Driver/Src/stm32h7xx_hal_mdma.o"
arm-none-eabi-gcc "../Drivers/STM32H7xx_HAL_Driver/Src/stm32h7xx_hal_nand.c" -mcpu=cortex-m7 -std=gnu11 -g3 -DDEBUG -DUSE_PWR_DIRECT_SMPS_SUPPLY -DUSE_HAL_DRIVER -DSTM32H7B3xxQ -DARM_MATH_CM7 -c -I../Core/Inc -I../Drivers/STM32H7xx_HAL_Driver/Inc -I../Drivers/STM32H7xx_HAL_Driver/Inc/Legacy -I../Drivers/CMSIS/Device/ST/STM32H7xx/Include -I../Drivers/CMSIS/Include -I../Drivers/CMSIS/DSP/Include -I../Drivers/CMSIS/DSP/PrivateInclude -Ofast -ffunction-sections -fdata-sections -Wall -ffast-math -funroll-loops -fstack-usage -fcyclomatic-complexity -MMD -MP -MF"Drivers/STM32H7xx_HAL_Driver/Src/stm32h7xx_hal_nand.d" -MT"Drivers/STM32H7xx_HAL_Driver/Src/stm32h7xx_hal_nand.o" --specs=nano.specs -mfpu=fpv5-d16 -mfloat-abi=hard -mthumb -o "Drivers/STM32H7xx_HAL_Driver/Src/stm32h7xx_hal_nand.o"
arm-none-eabi-gcc "../Drivers/STM32H7xx_HAL_Driver/Src/stm32h7xx_hal_nor.c" -mcpu=cortex-m7 -std=gnu11 -g3 -DDEBUG -DUSE_PWR_DIRECT_SMPS_SUPPLY -DUSE_HAL_DRIVER -DSTM32H7B3xxQ -DARM_MATH_CM7 -c -I../Core/Inc -I../Drivers/STM32H7xx_HAL_Driver/Inc -I../Drivers/STM32H7xx_HAL_Driver/Inc/Legacy -I../Drivers/CMSIS/Device/ST/STM32H7xx/Include -I../Drivers/CMSIS/Include -I../Drivers/CMSIS/DSP/Include -I../Drivers/CMSIS/DSP/PrivateInclude -Ofast -ffunction-sections -fdata-sections -Wall -ffast-math -funroll-loops -fstack-usage -fcyclomatic-complexity -MMD -MP -MF"Drivers/STM32H7xx_HAL_Driver/Src/stm32h7xx_hal_nor.d" -MT"Drivers/STM32H7xx_HAL_Driver/Src/stm32h7xx_hal_nor.o" --specs=nano.specs -mfpu=fpv5-d16 -mfloat-abi=hard -mthumb -o "Drivers/STM32H7xx_HAL_Driver/Src/stm32h7xx_hal_nor.o"
arm-none-eabi-gcc "../Drivers/STM32H7xx_HAL_Driver/Src/stm32h7xx_hal_ospi.c" -mcpu=cortex-m7 -std=gnu11 -g3 -DDEBUG -DUSE_PWR_DIRECT_SMPS_SUPPLY -DUSE_HAL_DRIVER -DSTM32H7B3xxQ -DARM_MATH_CM7 -c -I../Core/Inc -I../Drivers/STM32H7xx_HAL_Driver/Inc -I../Drivers/STM32H7xx_HAL_Driver/Inc/Legacy -I../Drivers/CMSIS/Device/ST/STM32H7xx/Include -I../Drivers/CMSIS/Include -I../Drivers/CMSIS/DSP/Include -I../Drivers/CMSIS/DSP/PrivateInclude -Ofast -ffunction-sections -fdata-sections -Wall -ffast-math -funroll-loops -fstack-usage -fcyclomatic-complexity -MMD -MP -MF"Drivers/STM32H7xx_HAL_Driver/Src/stm32h7xx_hal_ospi.d" -MT"Drivers/STM32H7xx_HAL_Driver/Src/stm32h7xx_hal_ospi.o" --specs=nano.specs -mfpu=fpv5-d16 -mfloat-abi=hard -mthumb -o "Drivers/STM32H7xx_HAL_Driver/Src/stm32h7xx_hal_ospi.o"
arm-none-eabi-gcc "../Drivers/STM32H7xx_HAL_Driver/Src/stm32h7xx_hal_pwr.c" -mcpu=cortex-m7 -std=gnu11 -g3 -DDEBUG -DUSE_PWR_DIRECT_SMPS_SUPPLY -DUSE_HAL_DRIVER -DSTM32H7B3xxQ -DARM_MATH_CM7 -c -I../Core/Inc -I../Drivers/STM32H7xx_HAL_Driver/Inc -I../Drivers/STM32H7xx_HAL_Driver/Inc/Legacy -I../Drivers/CMSIS/Device/ST/STM32H7xx/Include -I../Drivers/CMSIS/Include -I../Drivers/CMSIS/DSP/Include -I../Drivers/CMSIS/DSP/PrivateInclude -Ofast -ffunction-sections -fdata-sections -Wall -ffast-math -funroll-loops -fstack-usage -fcyclomatic-complexity -MMD -MP -MF"Drivers/STM32H7xx_HAL_Driver/Src/stm32h7xx_hal_pwr.d" -MT"Drivers/STM32H7xx_HAL_Driver/Src/stm32h7xx_hal_pwr.o" --specs=nano.specs -mfpu=fpv5-d16 -mfloat-abi=hard -mthumb -o "Drivers/STM32H7xx_HAL_Driver/Src/stm32h7xx_hal_pwr.o"
arm-none-eabi-gcc "../Drivers/STM32H7xx_HAL_Driver/Src/stm32h7xx_hal_pwr_ex.c" -mcpu=cortex-m7 -std=gnu11 -g3 -DDEBUG -DUSE_PWR_DIRECT_SMPS_SUPPLY -DUSE_HAL_DRIVER -DSTM32H7B3xxQ -DARM_MATH_CM7 -c -I../Core/Inc -I../Drivers/STM32H7xx_HAL_Driver/Inc -I../Drivers/STM32H7xx_HAL_Driver/Inc/Legacy -I../Drivers/CMSIS/Device/ST/STM32H7xx/Include -I../Drivers/CMSIS/Include -I../Drivers/CMSIS/DSP/Include -I../Drivers/CMSIS/DSP/PrivateInclude -Ofast -ffunction-sections -fdata-sections -Wall -ffast-math -funroll-loops -fstack-usage -fcyclomatic-complexity -MMD -MP -MF"Drivers/STM32H7xx_HAL_Driver/Src/stm32h7xx_hal_pwr_ex.d" -MT"Drivers/STM32H7xx_HAL_Driver/Src/stm32h7xx_hal_pwr_ex.o" --specs=nano.specs -mfpu=fpv5-d16 -mfloat-abi=hard -mthumb -o "Drivers/STM32H7xx_HAL_Driver/Src/stm32h7xx_hal_pwr_ex.o"
arm-none-eabi-gcc "../Drivers/STM32H7xx_HAL_Driver/Src/stm32h7xx_hal_rcc.c" -mcpu=cortex-m7 -std=gnu11 -g3 -DDEBUG -DUSE_PWR_DIRECT_SMPS_SUPPLY -DUSE_HAL_DRIVER -DSTM32H7B3xxQ -DARM_MATH_CM7 -c -I../Core/Inc -I../Drivers/STM32H7xx_HAL_Driver/Inc -I../Drivers/STM32H7xx_HAL_Driver/Inc/Legacy -I../Drivers/CMSIS/Device/ST/STM32H7xx/Include -I../Drivers/CMSIS/Include -I../Drivers/CMSIS/DSP/Include -I../Drivers/CMSIS/DSP/PrivateInclude -Ofast -ffunction-sections -fdata-sections -Wall -ffast-math -funroll-loops -fstack-usage -fcyclomatic-complexity -MMD -MP -MF"Drivers/STM32H7xx_HAL_Driver/Src/stm32h7xx_hal_rcc.d" -MT"Drivers/STM32H7xx_HAL_Driver/Src/stm32h7xx_hal_rcc.o" --specs=nano.specs -mfpu=fpv5-d16 -mfloat-abi=hard -mthumb -o "Drivers/STM32H7xx_HAL_Driver/Src/stm32h7xx_hal_rcc.o"
arm-none-eabi-gcc "../Drivers/STM32H7xx_HAL_Driver/Src/stm32h7xx_hal_rcc_ex.c" -mcpu=cortex-m7 -std=gnu11 -g3 -DDEBUG -DUSE_PWR_DIRECT_SMPS_SUPPLY -DUSE_HAL_DRIVER -DSTM32H7B3xxQ -DARM_MATH_CM7 -c -I../Core/Inc -I../Drivers/STM32H7xx_HAL_Driver/Inc -I../Drivers/STM32H7xx_HAL_Driver/Inc/Legacy -I../Drivers/CMSIS/Device/ST/STM32H7xx/Include -I../Drivers/CMSIS/Include -I../Drivers/CMSIS/DSP/Include -I../Drivers/CMSIS/DSP/PrivateInclude -Ofast -ffunction-sections -fdata-sections -Wall -ffast-math -funroll-loops -fstack-usage -fcyclomatic-complexity -MMD -MP -MF"Drivers/STM32H7xx_HAL_Driver/Src/stm32h7xx_hal_rcc_ex.d" -MT"Drivers/STM32H7xx_HAL_Driver/Src/stm32h7xx_hal_rcc_ex.o" --specs=nano.specs -mfpu=fpv5-d16 -mfloat-abi=hard -mthumb -o "Drivers/STM32H7xx_HAL_Driver/Src/stm32h7xx_hal_rcc_ex.o"
arm-none-eabi-gcc "../Drivers/STM32H7xx_HAL_Driver/Src/stm32h7xx_hal_rtc.c" -mcpu=cortex-m7 -std=gnu11 -g3 -DDEBUG -DUSE_PWR_DIRECT_SMPS_SUPPLY -DUSE_HAL_DRIVER -DSTM32H7B3xxQ -DARM_MATH_CM7 -c -I../Core/Inc -I../Drivers/STM32H7xx_HAL_Driver/Inc -I../Drivers/STM32H7xx_HAL_Driver/Inc/Legacy -I../Drivers/CMSIS/Device/ST/STM32H7xx/Include -I../Drivers/CMSIS/Include -I../Drivers/CMSIS/DSP/Include -I../Drivers/CMSIS/DSP/PrivateInclude -Ofast -ffunction-sections -fdata-sections -Wall -ffast-math -funroll-loops -fstack-usage -fcyclomatic-complexity -MMD -MP -MF"Drivers/STM32H7xx_HAL_Driver/Src/stm32h7xx_hal_rtc.d" -MT"Drivers/STM32H7xx_HAL_Driver/Src/stm32h7xx_hal_rtc.o" --specs=nano.specs -mfpu=fpv5-d16 -mfloat-abi=hard -mthumb -o "Drivers/STM32H7xx_HAL_Driver/Src/stm32h7xx_hal_rtc.o"
arm-none-eabi-gcc "../Drivers/STM32H7xx_HAL_Driver/Src/stm32h7xx_hal_rtc_ex.c" -mcpu=cortex-m7 -std=gnu11 -g3 -DDEBUG -DUSE_PWR_DIRECT_SMPS_SUPPLY -DUSE_HAL_DRIVER -DSTM32H7B3xxQ -DARM_MATH_CM7 -c -I../Core/Inc -I../Drivers/STM32H7xx_HAL_Driver/Inc -I../Drivers/STM32H7xx_HAL_Driver/Inc/Legacy -I../Drivers/CMSIS/Device/ST/STM32H7xx/Include -I../Drivers/CMSIS/Include -I../Drivers/CMSIS/DSP/Include -I../Drivers/CMSIS/DSP/PrivateInclude -Ofast -ffunction-sections -fdata-sections -Wall -ffast-math -funroll-loops -fstack-usage -fcyclomatic-complexity -MMD -MP -MF"Drivers/STM32H7xx_HAL_Driver/Src/stm32h7xx_hal_rtc_ex.d" -MT"Drivers/STM32H7xx_HAL_Driver/Src/stm32h7xx_hal_rtc_ex.o" --specs=nano.specs -mfpu=fpv5-d16 -mfloat-abi=hard -mthumb -o "Drivers/STM32H7xx_HAL_Driver/Src/stm32h7xx_hal_rtc_ex.o"
arm-none-eabi-gcc "../Drivers/STM32H7xx_HAL_Driver/Src/stm32h7xx_hal_sdram.c" -mcpu=cortex-m7 -std=gnu11 -g3 -DDEBUG -DUSE_PWR_DIRECT_SMPS_SUPPLY -DUSE_HAL_DRIVER -DSTM32H7B3xxQ -DARM_MATH_CM7 -c -I../Core/Inc -I../Drivers/STM32H7xx_HAL_Driver/Inc -I../Drivers/STM32H7xx_HAL_Driver/Inc/Legacy -I../Drivers/CMSIS/Device/ST/STM32H7xx/Include -I../Drivers/CMSIS/Include -I../Drivers/CMSIS/DSP/Include -I../Drivers/CMSIS/DSP/PrivateInclude -Ofast -ffunction-sections -fdata-sections -Wall -ffast-math -funroll-loops -fstack-usage -fcyclomatic-complexity -MMD -MP -MF"Drivers/STM32H7xx_HAL_Driver/Src/stm32h7xx_hal_sdram.d" -MT"Drivers/STM32H7xx_HAL_Driver/Src/stm32h7xx_hal_sdram.o" --specs=nano.specs -mfpu=fpv5-d16 -mfloat-abi=hard -mthumb -o "Drivers/STM32H7xx_HAL_Driver/Src/stm32h7xx_hal_sdram.o"
arm-none-eabi-gcc "../Drivers/STM32H7xx_HAL_Driver/Src/stm32h7xx_hal_spi.c" -mcpu=cortex-m7 -std=gnu11 -g3 -DDEBUG -DUSE_PWR_DIRECT_SMPS_SUPPLY -DUSE_HAL_DRIVER -DSTM32H7B3xxQ -DARM_MATH_CM7 -c -I../Core/Inc -I../Drivers/STM32H7xx_HAL_Driver/Inc -I../Drivers/STM32H7xx_HAL_Driver/Inc/Legacy -I../Drivers/CMSIS/Device/ST/STM32H7xx/Include -I../Drivers/CMSIS/Include -I../Drivers/CMSIS/DSP/Include -I../Drivers/CMSIS/DSP/PrivateInclude -Ofast -ffunction-sections -fdata-sections -Wall -ffast-math -funroll-loops -fstack-usage -fcyclomatic-complexity -MMD -MP -MF"Drivers/STM32H7xx_HAL_Driver/Src/stm32h7xx_hal_spi.d" -MT"Drivers/STM32H7xx_HAL_Driver/Src/stm32h7xx_hal_spi.o" --specs=nano.specs -mfpu=fpv5-d16 -mfloat-abi=hard -mthumb -o "Drivers/STM32H7xx_HAL_Driver/Src/stm32h7xx_hal_spi.o"
arm-none-eabi-gcc "../Drivers/STM32H7xx_HAL_Driver/Src/stm32h7xx_hal_spi_ex.c" -mcpu=cortex-m7 -std=gnu11 -g3 -DDEBUG -DUSE_PWR_DIRECT_SMPS_SUPPLY -DUSE_HAL_DRIVER -DSTM32H7B3xxQ -DARM_MATH_CM7 -c -I../Core/Inc -I../Drivers/STM32H7xx_HAL_Driver/Inc -I../Drivers/STM32H7xx_HAL_Driver/Inc/Legacy -I../Drivers/CMSIS/Device/ST/STM32H7xx/Include -I../Drivers/CMSIS/Include -I../Drivers/CMSIS/DSP/Include -I../Drivers/CMSIS/DSP/PrivateInclude -Ofast -ffunction-sections -fdata-sections -Wall -ffast-math -funroll-loops -fstack-usage -fcyclomatic-complexity -MMD -MP -MF"Drivers/STM32H7xx_HAL_Driver/Src/stm32h7xx_hal_spi_ex.d" -MT"Drivers/STM32H7xx_HAL_Driver/Src/stm32h7xx_hal_spi_ex.o" --specs=nano.specs -mfpu=fpv5-d16 -mfloat-abi=hard -mthumb -o "Drivers/STM32H7xx_HAL_Driver/Src/stm32h7xx_hal_spi_ex.o"
arm-none-eabi-gcc "../Drivers/STM32H7xx_HAL_Driver/Src/stm32h7xx_hal_sram.c" -mcpu=cortex-m7 -std=gnu11 -g3 -DDEBUG -DUSE_PWR_DIRECT_SMPS_SUPPLY -DUSE_HAL_DRIVER -DSTM32H7B3xxQ -DARM_MATH_CM7 -c -I../Core/Inc -I../Drivers/STM32H7xx_HAL_Driver/Inc -I../Drivers/STM32H7xx_HAL_Driver/Inc/Legacy -I../Drivers/CMSIS/Device/ST/STM32H7xx/Include -I../Drivers/CMSIS/Include -I../Drivers/CMSIS/DSP/Include -I../Drivers/CMSIS/DSP/PrivateInclude -Ofast -ffunction-sections -fdata-sections -Wall -ffast-math -funroll-loops -fstack-usage -fcyclomatic-complexity -MMD -MP -MF"Drivers/STM32H7xx_HAL_Driver/Src/stm32h7xx_hal_sram.d" -MT"Drivers/STM32H7xx_HAL_Driver/Src/stm32h7xx_hal_sram.o" --specs=nano.specs -mfpu=fpv5-d16 -mfloat-abi=hard -mthumb -o "Drivers/STM32H7xx_HAL_Driver/Src/stm32h7xx_hal_sram.o"
arm-none-eabi-gcc "../Drivers/STM32H7xx_HAL_Driver/Src/stm32h7xx_hal_tim.c" -mcpu=cortex-m7 -std=gnu11 -g3 -DDEBUG -DUSE_PWR_DIRECT_SMPS_SUPPLY -DUSE_HAL_DRIVER -DSTM32H7B3xxQ -DARM_MATH_CM7 -c -I../Core/Inc -I../Drivers/STM32H7xx_HAL_Driver/Inc -I../Drivers/STM32H7xx_HAL_Driver/Inc/Legacy -I../Drivers/CMSIS/Device/ST/STM32H7xx/Include -I../Drivers/CMSIS/Include -I../Drivers/CMSIS/DSP/Include -I../Drivers/CMSIS/DSP/PrivateInclude -Ofast -ffunction-sections -fdata-sections -Wall -ffast-math -funroll-loops -fstack-usage -fcyclomatic-complexity -MMD -MP -MF"Drivers/STM32H7xx_HAL_Driver/Src/stm32h7xx_hal_tim.d" -MT"Drivers/STM32H7xx_HAL_Driver/Src/stm32h7xx_hal_tim.o" --specs=nano.specs -mfpu=fpv5-d16 -mfloat-abi=hard -mthumb -o "Drivers/STM32H7xx_HAL_Driver/Src/stm32h7xx_hal_tim.o"
arm-none-eabi-gcc "../Drivers/STM32H7xx_HAL_Driver/Src/stm32h7xx_hal_tim_ex.c" -mcpu=cortex-m7 -std=gnu11 -g3 -DDEBUG -DUSE_PWR_DIRECT_SMPS_SUPPLY -DUSE_HAL_DRIVER -DSTM32H7B3xxQ -DARM_MATH_CM7 -c -I../Core/Inc -I../Drivers/STM32H7xx_HAL_Driver/Inc -I../Drivers/STM32H7xx_HAL_Driver/Inc/Legacy -I../Drivers/CMSIS/Device/ST/STM32H7xx/Include -I../Drivers/CMSIS/Include -I../Drivers/CMSIS/DSP/Include -I../Drivers/CMSIS/DSP/PrivateInclude -Ofast -ffunction-sections -fdata-sections -Wall -ffast-math -funroll-loops -fstack-usage -fcyclomatic-complexity -MMD -MP -MF"Drivers/STM32H7xx_HAL_Driver/Src/stm32h7xx_hal_tim_ex.d" -MT"Drivers/STM32H7xx_HAL_Driver/Src/stm32h7xx_hal_tim_ex.o" --specs=nano.specs -mfpu=fpv5-d16 -mfloat-abi=hard -mthumb -o "Drivers/STM32H7xx_HAL_Driver/Src/stm32h7xx_hal_tim_ex.o"
arm-none-eabi-gcc "../Drivers/STM32H7xx_HAL_Driver/Src/stm32h7xx_hal_uart.c" -mcpu=cortex-m7 -std=gnu11 -g3 -DDEBUG -DUSE_PWR_DIRECT_SMPS_SUPPLY -DUSE_HAL_DRIVER -DSTM32H7B3xxQ -DARM_MATH_CM7 -c -I../Core/Inc -I../Drivers/STM32H7xx_HAL_Driver/Inc -I../Drivers/STM32H7xx_HAL_Driver/Inc/Legacy -I../Drivers/CMSIS/Device/ST/STM32H7xx/Include -I../Drivers/CMSIS/Include -I../Drivers/CMSIS/DSP/Include -I../Drivers/CMSIS/DSP/PrivateInclude -Ofast -ffunction-sections -fdata-sections -Wall -ffast-math -funroll-loops -fstack-usage -fcyclomatic-complexity -MMD -MP -MF"Drivers/STM32H7xx_HAL_Driver/Src/stm32h7xx_hal_uart.d" -MT"Drivers/STM32H7xx_HAL_Driver/Src/stm32h7xx_hal_uart.o" --specs=nano.specs -mfpu=fpv5-d16 -mfloat-abi=hard -mthumb -o "Drivers/STM32H7xx_HAL_Driver/Src/stm32h7xx_hal_uart.o"
arm-none-eabi-gcc "../Drivers/STM32H7xx_HAL_Driver/Src/stm32h7xx_hal_uart_ex.c" -mcpu=cortex-m7 -std=gnu11 -g3 -DDEBUG -DUSE_PWR_DIRECT_SMPS_SUPPLY -DUSE_HAL_DRIVER -DSTM32H7B3xxQ -DARM_MATH_CM7 -c -I../Core/Inc -I../Drivers/STM32H7xx_HAL_Driver/Inc -I../Drivers/STM32H7xx_HAL_Driver/Inc/Legacy -I../Drivers/CMSIS/Device/ST/STM32H7xx/Include -I../Drivers/CMSIS/Include -I../Drivers/CMSIS/DSP/Include -I../Drivers/CMSIS/DSP/PrivateInclude -Ofast -ffunction-sections -fdata-sections -Wall -ffast-math -funroll-loops -fstack-usage -fcyclomatic-complexity -MMD -MP -MF"Drivers/STM32H7xx_HAL_Driver/Src/stm32h7xx_hal_uart_ex.d" -MT"Drivers/STM32H7xx_HAL_Driver/Src/stm32h7xx_hal_uart_ex.o" --specs=nano.specs -mfpu=fpv5-d16 -mfloat-abi=hard -mthumb -o "Drivers/STM32H7xx_HAL_Driver/Src/stm32h7xx_hal_uart_ex.o"
arm-none-eabi-gcc "../Drivers/STM32H7xx_HAL_Driver/Src/stm32h7xx_ll_fmc.c" -mcpu=cortex-m7 -std=gnu11 -g3 -DDEBUG -DUSE_PWR_DIRECT_SMPS_SUPPLY -DUSE_HAL_DRIVER -DSTM32H7B3xxQ -DARM_MATH_CM7 -c -I../Core/Inc -I../Drivers/STM32H7xx_HAL_Driver/Inc -I../Drivers/STM32H7xx_HAL_Driver/Inc/Legacy -I../Drivers/CMSIS/Device/ST/STM32H7xx/Include -I../Drivers/CMSIS/Include -I../Drivers/CMSIS/DSP/Include -I../Drivers/CMSIS/DSP/PrivateInclude -Ofast -ffunction-sections -fdata-sections -Wall -ffast-math -funroll-loops -fstack-usage -fcyclomatic-complexity -MMD -MP -MF"Drivers/STM32H7xx_HAL_Driver/Src/stm32h7xx_ll_fmc.d" -MT"Drivers/STM32H7xx_HAL_Driver/Src/stm32h7xx_ll_fmc.o" --specs=nano.specs -mfpu=fpv5-d16 -mfloat-abi=hard -mthumb -o "Drivers/STM32H7xx_HAL_Driver/Src/stm32h7xx_ll_fmc.o"
arm-none-eabi-gcc -mcpu=cortex-m7 -g3 -DDEBUG -c -x assembler-with-cpp -MMD -MP -MF"Core/Startup/startup_stm32h7b3lihxq.d" -MT"Core/Startup/startup_stm32h7b3lihxq.o" --specs=nano.specs -mfpu=fpv5-d16 -mfloat-abi=hard -mthumb -o "Core/Startup/startup_stm32h7b3lihxq.o" "../Core/Startup/startup_stm32h7b3lihxq.s"
arm-none-eabi-gcc "../Core/Src/main.c" -mcpu=cortex-m7 -std=gnu11 -g3 -DDEBUG -DUSE_PWR_DIRECT_SMPS_SUPPLY -DUSE_HAL_DRIVER -DSTM32H7B3xxQ -DARM_MATH_CM7 -c -I../Core/Inc -I../Drivers/STM32H7xx_HAL_Driver/Inc -I../Drivers/STM32H7xx_HAL_Driver/Inc/Legacy -I../Drivers/CMSIS/Device/ST/STM32H7xx/Include -I../Drivers/CMSIS/Include -I../Drivers/CMSIS/DSP/Include -I../Drivers/CMSIS/DSP/PrivateInclude -Ofast -ffunction-sections -fdata-sections -Wall -ffast-math -funroll-loops -fstack-usage -fcyclomatic-complexity -MMD -MP -MF"Core/Src/main.d" -MT"Core/Src/main.o" --specs=nano.specs -mfpu=fpv5-d16 -mfloat-abi=hard -mthumb -o "Core/Src/main.o"
arm-none-eabi-gcc "../Core/Src/stm32h7xx_hal_msp.c" -mcpu=cortex-m7 -std=gnu11 -g3 -DDEBUG -DUSE_PWR_DIRECT_SMPS_SUPPLY -DUSE_HAL_DRIVER -DSTM32H7B3xxQ -DARM_MATH_CM7 -c -I../Core/Inc -I../Drivers/STM32H7xx_HAL_Driver/Inc -I../Drivers/STM32H7xx_HAL_Driver/Inc/Legacy -I../Drivers/CMSIS/Device/ST/STM32H7xx/Include -I../Drivers/CMSIS/Include -I../Drivers/CMSIS/DSP/Include -I../Drivers/CMSIS/DSP/PrivateInclude -Ofast -ffunction-sections -fdata-sections -Wall -ffast-math -funroll-loops -fstack-usage -fcyclomatic-complexity -MMD -MP -MF"Core/Src/stm32h7xx_hal_msp.d" -MT"Core/Src/stm32h7xx_hal_msp.o" --specs=nano.specs -mfpu=fpv5-d16 -mfloat-abi=hard -mthumb -o "Core/Src/stm32h7xx_hal_msp.o"
arm-none-eabi-gcc "../Core/Src/stm32h7xx_it.c" -mcpu=cortex-m7 -std=gnu11 -g3 -DDEBUG -DUSE_PWR_DIRECT_SMPS_SUPPLY -DUSE_HAL_DRIVER -DSTM32H7B3xxQ -DARM_MATH_CM7 -c -I../Core/Inc -I../Drivers/STM32H7xx_HAL_Driver/Inc -I../Drivers/STM32H7xx_HAL_Driver/Inc/Legacy -I../Drivers/CMSIS/Device/ST/STM32H7xx/Include -I../Drivers/CMSIS/Include -I../Drivers/CMSIS/DSP/Include -I../Drivers/CMSIS/DSP/PrivateInclude -Ofast -ffunction-sections -fdata-sections -Wall -ffast-math -funroll-loops -fstack-usage -fcyclomatic-complexity -MMD -MP -MF"Core/Src/stm32h7xx_it.d" -MT"Core/Src/stm32h7xx_it.o" --specs=nano.specs -mfpu=fpv5-d16 -mfloat-abi=hard -mthumb -o "Core/Src/stm32h7xx_it.o"
arm-none-eabi-gcc "../Core/Src/syscalls.c" -mcpu=cortex-m7 -std=gnu11 -g3 -DDEBUG -DUSE_PWR_DIRECT_SMPS_SUPPLY -DUSE_HAL_DRIVER -DSTM32H7B3xxQ -DARM_MATH_CM7 -c -I../Core/Inc -I../Drivers/STM32H7xx_HAL_Driver/Inc -I../Drivers/STM32H7xx_HAL_Driver/Inc/Legacy -I../Drivers/CMSIS/Device/ST/STM32H7xx/Include -I../Drivers/CMSIS/Include -I../Drivers/CMSIS/DSP/Include -I../Drivers/CMSIS/DSP/PrivateInclude -Ofast -ffunction-sections -fdata-sections -Wall -ffast-math -funroll-loops -fstack-usage -fcyclomatic-complexity -MMD -MP -MF"Core/Src/syscalls.d" -MT"Core/Src/syscalls.o" --specs=nano.specs -mfpu=fpv5-d16 -mfloat-abi=hard -mthumb -o "Core/Src/syscalls.o"
arm-none-eabi-gcc "../Core/Src/sysmem.c" -mcpu=cortex-m7 -std=gnu11 -g3 -DDEBUG -DUSE_PWR_DIRECT_SMPS_SUPPLY -DUSE_HAL_DRIVER -DSTM32H7B3xxQ -DARM_MATH_CM7 -c -I../Core/Inc -I../Drivers/STM32H7xx_HAL_Driver/Inc -I../Drivers/STM32H7xx_HAL_Driver/Inc/Legacy -I../Drivers/CMSIS/Device/ST/STM32H7xx/Include -I../Drivers/CMSIS/Include -I../Drivers/CMSIS/DSP/Include -I../Drivers/CMSIS/DSP/PrivateInclude -Ofast -ffunction-sections -fdata-sections -Wall -ffast-math -funroll-loops -fstack-usage -fcyclomatic-complexity -MMD -MP -MF"Core/Src/sysmem.d" -MT"Core/Src/sysmem.o" --specs=nano.specs -mfpu=fpv5-d16 -mfloat-abi=hard -mthumb -o "Core/Src/sysmem.o"
arm-none-eabi-gcc "../Core/Src/system_stm32h7xx.c" -mcpu=cortex-m7 -std=gnu11 -g3 -DDEBUG -DUSE_PWR_DIRECT_SMPS_SUPPLY -DUSE_HAL_DRIVER -DSTM32H7B3xxQ -DARM_MATH_CM7 -c -I../Core/Inc -I../Drivers/STM32H7xx_HAL_Driver/Inc -I../Drivers/STM32H7xx_HAL_Driver/Inc/Legacy -I../Drivers/CMSIS/Device/ST/STM32H7xx/Include -I../Drivers/CMSIS/Include -I../Drivers/CMSIS/DSP/Include -I../Drivers/CMSIS/DSP/PrivateInclude -Ofast -ffunction-sections -fdata-sections -Wall -ffast-math -funroll-loops -fstack-usage -fcyclomatic-complexity -MMD -MP -MF"Core/Src/system_stm32h7xx.d" -MT"Core/Src/system_stm32h7xx.o" --specs=nano.specs -mfpu=fpv5-d16 -mfloat-abi=hard -mthumb -o "Core/Src/system_stm32h7xx.o"
arm-none-eabi-gcc "../Core/DSP_Src/arm_bitreversal2.c" -mcpu=cortex-m7 -std=gnu11 -g3 -DDEBUG -DUSE_PWR_DIRECT_SMPS_SUPPLY -DUSE_HAL_DRIVER -DSTM32H7B3xxQ -DARM_MATH_CM7 -c -I../Core/Inc -I../Drivers/STM32H7xx_HAL_Driver/Inc -I../Drivers/STM32H7xx_HAL_Driver/Inc/Legacy -I../Drivers/CMSIS/Device/ST/STM32H7xx/Include -I../Drivers/CMSIS/Include -I../Drivers/CMSIS/DSP/Include -I../Drivers/CMSIS/DSP/PrivateInclude -Ofast -ffunction-sections -fdata-sections -Wall -ffast-math -funroll-loops -fstack-usage -fcyclomatic-complexity -MMD -MP -MF"Core/DSP_Src/arm_bitreversal2.d" -MT"Core/DSP_Src/arm_bitreversal2.o" --specs=nano.specs -mfpu=fpv5-d16 -mfloat-abi=hard -mthumb -o "Core/DSP_Src/arm_bitreversal2.o"
arm-none-eabi-gcc "../Core/DSP_Src/arm_cfft_f32.c" -mcpu=cortex-m7 -std=gnu11 -g3 -DDEBUG -DUSE_PWR_DIRECT_SMPS_SUPPLY -DUSE_HAL_DRIVER -DSTM32H7B3xxQ -DARM_MATH_CM7 -c -I../Core/Inc -I../Drivers/STM32H7xx_HAL_Driver/Inc -I../Drivers/STM32H7xx_HAL_Driver/Inc/Legacy -I../Drivers/CMSIS/Device/ST/STM32H7xx/Include -I../Drivers/CMSIS/Include -I../Drivers/CMSIS/DSP/Include -I../Drivers/CMSIS/DSP/PrivateInclude -Ofast -ffunction-sections -fdata-sections -Wall -ffast-math -funroll-loops -fstack-usage -fcyclomatic-complexity -MMD -MP -MF"Core/DSP_Src/arm_cfft_f32.d" -MT"Core/DSP_Src/arm_cfft_f32.o" --specs=nano.specs -mfpu=fpv5-d16 -mfloat-abi=hard -mthumb -o "Core/DSP_Src/arm_cfft_f32.o"
arm-none-eabi-gcc "../Core/DSP_Src/arm_cfft_init_f32.c" -mcpu=cortex-m7 -std=gnu11 -g3 -DDEBUG -DUSE_PWR_DIRECT_SMPS_SUPPLY -DUSE_HAL_DRIVER -DSTM32H7B3xxQ -DARM_MATH_CM7 -c -I../Core/Inc -I../Drivers/STM32H7xx_HAL_Driver/Inc -I../Drivers/STM32H7xx_HAL_Driver/Inc/Legacy -I../Drivers/CMSIS/Device/ST/STM32H7xx/Include -I../Drivers/CMSIS/Include -I../Drivers/CMSIS/DSP/Include -I../Drivers/CMSIS/DSP/PrivateInclude -Ofast -ffunction-sections -fdata-sections -Wall -ffast-math -funroll-loops -fstack-usage -fcyclomatic-complexity -MMD -MP -MF"Core/DSP_Src/arm_cfft_init_f32.d" -MT"Core/DSP_Src/arm_cfft_init_f32.o" --specs=nano.specs -mfpu=fpv5-d16 -mfloat-abi=hard -mthumb -o "Core/DSP_Src/arm_cfft_init_f32.o"
arm-none-eabi-gcc "../Core/DSP_Src/arm_cfft_radix2_f32.c" -mcpu=cortex-m7 -std=gnu11 -g3 -DDEBUG -DUSE_PWR_DIRECT_SMPS_SUPPLY -DUSE_HAL_DRIVER -DSTM32H7B3xxQ -DARM_MATH_CM7 -c -I../Core/Inc -I../Drivers/STM32H7xx_HAL_Driver/Inc -I../Drivers/STM32H7xx_HAL_Driver/Inc/Legacy -I../Drivers/CMSIS/Device/ST/STM32H7xx/Include -I../Drivers/CMSIS/Include -I../Drivers/CMSIS/DSP/Include -I../Drivers/CMSIS/DSP/PrivateInclude -Ofast -ffunction-sections -fdata-sections -Wall -ffast-math -funroll-loops -fstack-usage -fcyclomatic-complexity -MMD -MP -MF"Core/DSP_Src/arm_cfft_radix2_f32.d" -MT"Core/DSP_Src/arm_cfft_radix2_f32.o" --specs=nano.specs -mfpu=fpv5-d16 -mfloat-abi=hard -mthumb -o "Core/DSP_Src/arm_cfft_radix2_f32.o"
arm-none-eabi-gcc "../Core/DSP_Src/arm_cfft_radix4_f32.c" -mcpu=cortex-m7 -std=gnu11 -g3 -DDEBUG -DUSE_PWR_DIRECT_SMPS_SUPPLY -DUSE_HAL_DRIVER -DSTM32H7B3xxQ -DARM_MATH_CM7 -c -I../Core/Inc -I../Drivers/STM32H7xx_HAL_Driver/Inc -I../Drivers/STM32H7xx_HAL_Driver/Inc/Legacy -I../Drivers/CMSIS/Device/ST/STM32H7xx/Include -I../Drivers/CMSIS/Include -I../Drivers/CMSIS/DSP/Include -I../Drivers/CMSIS/DSP/PrivateInclude -Ofast -ffunction-sections -fdata-sections -Wall -ffast-math -funroll-loops -fstack-usage -fcyclomatic-complexity -MMD -MP -MF"Core/DSP_Src/arm_cfft_radix4_f32.d" -MT"Core/DSP_Src/arm_cfft_radix4_f32.o" --specs=nano.specs -mfpu=fpv5-d16 -mfloat-abi=hard -mthumb -o "Core/DSP_Src/arm_cfft_radix4_f32.o"
arm-none-eabi-gcc "../Core/DSP_Src/arm_cfft_radix8_f32.c" -mcpu=cortex-m7 -std=gnu11 -g3 -DDEBUG -DUSE_PWR_DIRECT_SMPS_SUPPLY -DUSE_HAL_DRIVER -DSTM32H7B3xxQ -DARM_MATH_CM7 -c -I../Core/Inc -I../Drivers/STM32H7xx_HAL_Driver/Inc -I../Drivers/STM32H7xx_HAL_Driver/Inc/Legacy -I../Drivers/CMSIS/Device/ST/STM32H7xx/Include -I../Drivers/CMSIS/Include -I../Drivers/CMSIS/DSP/Include -I../Drivers/CMSIS/DSP/PrivateInclude -Ofast -ffunction-sections -fdata-sections -Wall -ffast-math -funroll-loops -fstack-usage -fcyclomatic-complexity -MMD -MP -MF"Core/DSP_Src/arm_cfft_radix8_f32.d" -MT"Core/DSP_Src/arm_cfft_radix8_f32.o" --specs=nano.specs -mfpu=fpv5-d16 -mfloat-abi=hard -mthumb -o "Core/DSP_Src/arm_cfft_radix8_f32.o"
arm-none-eabi-gcc "../Core/DSP_Src/arm_cmplx_mag_f32.c" -mcpu=cortex-m7 -std=gnu11 -g3 -DDEBUG -DUSE_PWR_DIRECT_SMPS_SUPPLY -DUSE_HAL_DRIVER -DSTM32H7B3xxQ -DARM_MATH_CM7 -c -I../Core/Inc -I../Drivers/STM32H7xx_HAL_Driver/Inc -I../Drivers/STM32H7xx_HAL_Driver/Inc/Legacy -I../Drivers/CMSIS/Device/ST/STM32H7xx/Include -I../Drivers/CMSIS/Include -I../Drivers/CMSIS/DSP/Include -I../Drivers/CMSIS/DSP/PrivateInclude -Ofast -ffunction-sections -fdata-sections -Wall -ffast-math -funroll-loops -fstack-usage -fcyclomatic-complexity -MMD -MP -MF"Core/DSP_Src/arm_cmplx_mag_f32.d" -MT"Core/DSP_Src/arm_cmplx_mag_f32.o" --specs=nano.specs -mfpu=fpv5-d16 -mfloat-abi=hard -mthumb -o "Core/DSP_Src/arm_cmplx_mag_f32.o"
arm-none-eabi-gcc "../Core/DSP_Src/arm_common_tables.c" -mcpu=cortex-m7 -std=gnu11 -g3 -DDEBUG -DUSE_PWR_DIRECT_SMPS_SUPPLY -DUSE_HAL_DRIVER -DSTM32H7B3xxQ -DARM_MATH_CM7 -c -I../Core/Inc -I../Drivers/STM32H7xx_HAL_Driver/Inc -I../Drivers/STM32H7xx_HAL_Driver/Inc/Legacy -I../Drivers/CMSIS/Device/ST/STM32H7xx/Include -I../Drivers/CMSIS/Include -I../Drivers/CMSIS/DSP/Include -I../Drivers/CMSIS/DSP/PrivateInclude -Ofast -ffunction-sections -fdata-sections -Wall -ffast-math -funroll-loops -fstack-usage -fcyclomatic-complexity -MMD -MP -MF"Core/DSP_Src/arm_common_tables.d" -MT"Core/DSP_Src/arm_common_tables.o" --specs=nano.specs -mfpu=fpv5-d16 -mfloat-abi=hard -mthumb -o "Core/DSP_Src/arm_common_tables.o"
arm-none-eabi-gcc "../Core/DSP_Src/arm_const_structs.c" -mcpu=cortex-m7 -std=gnu11 -g3 -DDEBUG -DUSE_PWR_DIRECT_SMPS_SUPPLY -DUSE_HAL_DRIVER -DSTM32H7B3xxQ -DARM_MATH_CM7 -c -I../Core/Inc -I../Drivers/STM32H7xx_HAL_Driver/Inc -I../Drivers/STM32H7xx_HAL_Driver/Inc/Legacy -I../Drivers/CMSIS/Device/ST/STM32H7xx/Include -I../Drivers/CMSIS/Include -I../Drivers/CMSIS/DSP/Include -I../Drivers/CMSIS/DSP/PrivateInclude -Ofast -ffunction-sections -fdata-sections -Wall -ffast-math -funroll-loops -fstack-usage -fcyclomatic-complexity -MMD -MP -MF"Core/DSP_Src/arm_const_structs.d" -MT"Core/DSP_Src/arm_const_structs.o" --specs=nano.specs -mfpu=fpv5-d16 -mfloat-abi=hard -mthumb -o "Core/DSP_Src/arm_const_structs.o"
arm-none-eabi-gcc "../Core/DSP_Src/arm_cos_f32.c" -mcpu=cortex-m7 -std=gnu11 -g3 -DDEBUG -DUSE_PWR_DIRECT_SMPS_SUPPLY -DUSE_HAL_DRIVER -DSTM32H7B3xxQ -DARM_MATH_CM7 -c -I../Core/Inc -I../Drivers/STM32H7xx_HAL_Driver/Inc -I../Drivers/STM32H7xx_HAL_Driver/Inc/Legacy -I../Drivers/CMSIS/Device/ST/STM32H7xx/Include -I../Drivers/CMSIS/Include -I../Drivers/CMSIS/DSP/Include -I../Drivers/CMSIS/DSP/PrivateInclude -Ofast -ffunction-sections -fdata-sections -Wall -ffast-math -funroll-loops -fstack-usage -fcyclomatic-complexity -MMD -MP -MF"Core/DSP_Src/arm_cos_f32.d" -MT"Core/DSP_Src/arm_cos_f32.o" --specs=nano.specs -mfpu=fpv5-d16 -mfloat-abi=hard -mthumb -o "Core/DSP_Src/arm_cos_f32.o"
arm-none-eabi-gcc "../Core/DSP_Src/arm_max_f32.c" -mcpu=cortex-m7 -std=gnu11 -g3 -DDEBUG -DUSE_PWR_DIRECT_SMPS_SUPPLY -DUSE_HAL_DRIVER -DSTM32H7B3xxQ -DARM_MATH_CM7 -c -I../Core/Inc -I../Drivers/STM32H7xx_HAL_Driver/Inc -I../Drivers/STM32H7xx_HAL_Driver/Inc/Legacy -I../Drivers/CMSIS/Device/ST/STM32H7xx/Include -I../Drivers/CMSIS/Include -I../Drivers/CMSIS/DSP/Include -I../Drivers/CMSIS/DSP/PrivateInclude -Ofast -ffunction-sections -fdata-sections -Wall -ffast-math -funroll-loops -fstack-usage -fcyclomatic-complexity -MMD -MP -MF"Core/DSP_Src/arm_max_f32.d" -MT"Core/DSP_Src/arm_max_f32.o" --specs=nano.specs -mfpu=fpv5-d16 -mfloat-abi=hard -mthumb -o "Core/DSP_Src/arm_max_f32.o"
arm-none-eabi-gcc "../Core/DSP_Src/arm_rfft_fast_f32.c" -mcpu=cortex-m7 -std=gnu11 -g3 -DDEBUG -DUSE_PWR_DIRECT_SMPS_SUPPLY -DUSE_HAL_DRIVER -DSTM32H7B3xxQ -DARM_MATH_CM7 -c -I../Core/Inc -I../Drivers/STM32H7xx_HAL_Driver/Inc -I../Drivers/STM32H7xx_HAL_Driver/Inc/Legacy -I../Drivers/CMSIS/Device/ST/STM32H7xx/Include -I../Drivers/CMSIS/Include -I../Drivers/CMSIS/DSP/Include -I../Drivers/CMSIS/DSP/PrivateInclude -Ofast -ffunction-sections -fdata-sections -Wall -ffast-math -funroll-loops -fstack-usage -fcyclomatic-complexity -MMD -MP -MF"Core/DSP_Src/arm_rfft_fast_f32.d" -MT"Core/DSP_Src/arm_rfft_fast_f32.o" --specs=nano.specs -mfpu=fpv5-d16 -mfloat-abi=hard -mthumb -o "Core/DSP_Src/arm_rfft_fast_f32.o"
arm-none-eabi-gcc "../Core/DSP_Src/arm_rfft_fast_init_f32.c" -mcpu=cortex-m7 -std=gnu11 -g3 -DDEBUG -DUSE_PWR_DIRECT_SMPS_SUPPLY -DUSE_HAL_DRIVER -DSTM32H7B3xxQ -DARM_MATH_CM7 -c -I../Core/Inc -I../Drivers/STM32H7xx_HAL_Driver/Inc -I../Drivers/STM32H7xx_HAL_Driver/Inc/Legacy -I../Drivers/CMSIS/Device/ST/STM32H7xx/Include -I../Drivers/CMSIS/Include -I../Drivers/CMSIS/DSP/Include -I../Drivers/CMSIS/DSP/PrivateInclude -Ofast -ffunction-sections -fdata-sections -Wall -ffast-math -funroll-loops -fstack-usage -fcyclomatic-complexity -MMD -MP -MF"Core/DSP_Src/arm_rfft_fast_init_f32.d" -MT"Core/DSP_Src/arm_rfft_fast_init_f32.o" --specs=nano.specs -mfpu=fpv5-d16 -mfloat-abi=hard -mthumb -o "Core/DSP_Src/arm_rfft_fast_init_f32.o"
arm-none-eabi-gcc "../Core/DSP_Src/arm_sin_f32.c" -mcpu=cortex-m7 -std=gnu11 -g3 -DDEBUG -DUSE_PWR_DIRECT_SMPS_SUPPLY -DUSE_HAL_DRIVER -DSTM32H7B3xxQ -DARM_MATH_CM7 -c -I../Core/Inc -I../Drivers/STM32H7xx_HAL_Driver/Inc -I../Drivers/STM32H7xx_HAL_Driver/Inc/Legacy -I../Drivers/CMSIS/Device/ST/STM32H7xx/Include -I../Drivers/CMSIS/Include -I../Drivers/CMSIS/DSP/Include -I../Drivers/CMSIS/DSP/PrivateInclude -Ofast -ffunction-sections -fdata-sections -Wall -ffast-math -funroll-loops -fstack-usage -fcyclomatic-complexity -MMD -MP -MF"Core/DSP_Src/arm_sin_f32.d" -MT"Core/DSP_Src/arm_sin_f32.o" --specs=nano.specs -mfpu=fpv5-d16 -mfloat-abi=hard -mthumb -o "Core/DSP_Src/arm_sin_f32.o"
arm-none-eabi-gcc -o "FFT_measure.elf" @"objects.list"   -mcpu=cortex-m7 -T"C:\Users\aharon.cohen\code\Firmware\FFT_measure\STM32H7B3LIHXQ_FLASH.ld" --specs=nosys.specs -Wl,-Map="FFT_measure.map" -Wl,--gc-sections -static --specs=nano.specs -mfpu=fpv5-d16 -mfloat-abi=hard -mthumb -u _printf_float -Wl,--start-group -lc -lm -Wl,--end-group
Finished building target: FFT_measure.elf
 
arm-none-eabi-size  FFT_measure.elf 
arm-none-eabi-objdump -h -S FFT_measure.elf  > "FFT_measure.list"
   text	   data	    bss	    dec	    hex	filename
 174796	    472	 111776	 287044	  46144	FFT_measure.elf
Finished building: default.size.stdout
 
Finished building: FFT_measure.list
 
12:00:33 **** Incremental Build of configuration Debug for project FFT_measure ****
make -j14 all 
arm-none-eabi-size  FFT_measure.elf 
   text	   data	    bss	    dec	    hex	filename
 174796	    472	 111776	 287044	  46144	FFT_measure.elf
Finished building: default.size.stdout
 
12:03:02 **** Incremental Build of configuration Debug for project FFT_measure ****
make -j14 all 
arm-none-eabi-size  FFT_measure.elf 
   text	   data	    bss	    dec	    hex	filename
 174796	    472	 111776	 287044	  46144	FFT_measure.elf
Finished building: default.size.stdout
 
12:04:19 **** Incremental Build of configuration Debug for project FFT_measure ****
make -j14 all 
arm-none-eabi-size  FFT_measure.elf 
   text	   data	    bss	    dec	    hex	filename
 174796	    472	 111776	 287044	  46144	FFT_measure.elf
Finished building: default.size.stdout
 
12:05:21 **** Incremental Build of configuration Debug for project FFT_measure ****
make -j14 all 
arm-none-eabi-size  FFT_measure.elf 
   text	   data	    bss	    dec	    hex	filename
 174796	    472	 111776	 287044	  46144	FFT_measure.elf
Finished building: default.size.stdout
 
12:05:46 **** Incremental Build of configuration Debug for project FFT_measure ****
make -j14 all 
arm-none-eabi-size  FFT_measure.elf 
   text	   data	    bss	    dec	    hex	filename
 174796	    472	 111776	 287044	  46144	FFT_measure.elf
Finished building: default.size.stdout
 
12:20:28 **** Incremental Build of configuration Debug for project FFT_measure ****
make -j14 all 
arm-none-eabi-size  FFT_measure.elf 
   text	   data	    bss	    dec	    hex	filename
 174796	    472	 111776	 287044	  46144	FFT_measure.elf
Finished building: default.size.stdout
 
12:21:02 **** Incremental Build of configuration Debug for project FFT_measure ****
make -j14 all 
arm-none-eabi-size  FFT_measure.elf 
   text	   data	    bss	    dec	    hex	filename
 174796	    472	 111776	 287044	  46144	FFT_measure.elf
Finished building: default.size.stdout
 
12:21:14 **** Incremental Build of configuration Debug for project FFT_measure ****
make -j14 all 
arm-none-eabi-size  FFT_measure.elf 
   text	   data	    bss	    dec	    hex	filename
 174796	    472	 111776	 287044	  46144	FFT_measure.elf
Finished building: default.size.stdout
 
12:22:00 **** Incremental Build of configuration Debug for project FFT_measure ****
make -j14 all 
arm-none-eabi-size  FFT_measure.elf 
   text	   data	    bss	    dec	    hex	filename
 174796	    472	 111776	 287044	  46144	FFT_measure.elf
Finished building: default.size.stdout
 
12:22:35 **** Incremental Build of configuration Debug for project FFT_measure ****
make -j14 all 
arm-none-eabi-size  FFT_measure.elf 
   text	   data	    bss	    dec	    hex	filename
 174796	    472	 111776	 287044	  46144	FFT_measure.elf
Finished building: default.size.stdout
 
13:04:24 **** Incremental Build of configuration Debug for project FFT_measure ****
make -j14 all 
arm-none-eabi-size  FFT_measure.elf 
   text	   data	    bss	    dec	    hex	filename
 174796	    472	 111776	 287044	  46144	FFT_measure.elf
Finished building: default.size.stdout
 
13:05:57 **** Incremental Build of configuration Debug for project FFT_measure ****
make -j14 all 
arm-none-eabi-size  FFT_measure.elf 
   text	   data	    bss	    dec	    hex	filename
 174796	    472	 111776	 287044	  46144	FFT_measure.elf
Finished building: default.size.stdout
 
13:06:03 **** Incremental Build of configuration Debug for project FFT_measure ****
make -j14 all 
arm-none-eabi-size  FFT_measure.elf 
   text	   data	    bss	    dec	    hex	filename
 174796	    472	 111776	 287044	  46144	FFT_measure.elf
Finished building: default.size.stdout
 
13:07:06 **** Incremental Build of configuration Debug for project FFT_measure ****
make -j14 all 
arm-none-eabi-size  FFT_measure.elf 
   text	   data	    bss	    dec	    hex	filename
 174796	    472	 111776	 287044	  46144	FFT_measure.elf
Finished building: default.size.stdout
 
